// Jest Snapshot v1, https://goo.gl/fbAQLP

exports[`renders without crashing 1`] = `
<aside
  id="app-layout--sidebar_left"
/>
`;
